 　　行番号 　番地 　　変位(10)レベル 名標　          　　　　　　　 長さ(10) 　　　属性　　　　基点　　　変位　　次元数

          7 000000C0          0  01 _COPYMAP_                             131     GROUP-F    BGW.000001 000000C0        
        1-1 000000C0          0  03 コピー句０１                          128     ALPHANUM   BGW.000001 000000C0        
        1-3 000000C0          0  03 集団項目１                             54     GROUP-F    BGW.000001 000000C0        
        1-4 000000C0          0  07 内部十進                                6     INT-DEC    BGW.000001 000000C0        
        1-5 000000C6          6  07 内部十進符無                            6     INT-DEC    BGW.000001 000000C6        
        1-6 000000CC         12  07 外部十進                               10     EXT-DEC    BGW.000001 000000CC        
        1-7 000000D6         22  07 外部十進符無                           10     EXT-DEC    BGW.000001 000000D6        
        1-8 000000E0         32  07 ２進２バイト                            2     STD-BINARY BGW.000001 000000E0        
        1-9 000000E2         34  07 ２進４バイト                            4     STD-BINARY BGW.000001 000000E2        
       1-10 000000E6         38  07 ＣＯＭＰ無                              4     STD-BINARY BGW.000001 000000E6        
       1-11 000000EA         42  07 ＣＯＭＰ五                              4     BINARY     BGW.000001 000000EA        
       1-12 000000EE         46  07 ポインタ                                4     POINTER    BGW.000001 000000EE        
       1-13 000000F2         50  07 バイナリ                                4     STD-BINARY BGW.000001 000000F2        
       1-15 000000C0          0  03 集団項目２                            131     GROUP-F    BGW.000001 000000C0        
       1-16 000000C0          0  07 英数字項目                              4     ALPHANUM   BGW.000001 000000C0        
       1-17 000000C4          4  07 日本語項目                              8     NATIONAL   BGW.000001 000000C4        
       1-18 000000CC         12  07 カンマ編集                             11     NUM-EDIT   BGW.000001 000000CC        
       1-19 000000D7         23  07 単精度                                  4     FLOAT-S    BGW.000001 000000D7        
       1-20 000000DB         27  07 倍精度                                  8     FLOAT-L    BGW.000001 000000DB        
       1-21 000000E3         35  07 繰返１                                 48     GROUP-F    BGW.000001 000000E3       1
       1-22 000000E3         35  09 繰返２                                 12     GROUP-F    BGW.000001 000000E3       2
       1-23 000000E3         35  11 繰返３                                  2     GROUP-F    BGW.000001 000000E3       3
       1-24 000000E3         35  13 配列                                    2     ALPHANUM   BGW.000001 000000E3       3
