


COBOL97 V61L10                                                                     2022年11月26日(土) 14時43分17秒  0001


＊＊　指定翻訳オプション　＊＊


000001 @OPTIONS SOURCE,MESSAGE,COPY,MAP,NOOBJECT,NOLIST 


＊＊　確定翻訳オプション　＊＊


  ALPHAL(ALL)           NOEQUALS                  MESSAGE                 RSV(ALL)                STD1(JIS2)            
  BINARY(WORD,MLBON)      FLAG(I)               NONAME                  NOSAI                     TAB(8)                
NOCHECK                 NOFLAGSW                  NCW(STD)                SDS                   NOTEST                  
NOCONF                    LANGLVL(85)             NSPCOMP(NSP)          NOSHREXT                  THREAD(SINGLE)        
  COPY(FULL)              LINECOUNT(60)         NONUMBER                  SOURCE(1)             NOTRACE                 
NOCOUNT                   LINESIZE(136)         NOOBJECT                  SQLGRP                NOTRUNC                 
  CREATE(OBJ)           NOLIST                  NOOPTIMIZE                SRF(VAR,VAR)          NOXREF                  
  CURRENCY(\)           NOMAIN                    QUOTE                   SSIN(SYSIN)             ZWB                   
NODLOAD                   MAP(FULL)               RCS(SJIS)               SSOUT(SYSOUT)                                 



COBOL97 V61L10  COBMAP                                                             2022年11月26日(土) 14時43分17秒  0002


＊＊　ＣＯＰＹ情報　＊＊


   修飾値      行番号  原文名


        1           8  COPY01                                                                                           



COBOL97 V61L10  COBMAP                                                             2022年11月26日(土) 14時43分17秒  0003


     行番号 一連番号 A   B


          2   000010 IDENTIFICATION   DIVISION.      
          3   000020 PROGRAM-ID.      COBMAP.        
          4   000030 ENVIRONMENT      DIVISION.      
          5   000040 DATA             DIVISION.      
          6   000050 WORKING-STORAGE  SECTION.       
          7   000051 01  _COPYMAP_.                  
          8   000060     COPY  COPY01 .                  
        1-1 C 000010     03 コピー句０１       PIC  X(128).
        1-2 C        
        1-3 C 000020     03  集団項目１        REDEFINES        コピー句０１  .
        1-4 C 000030       07  内部十進        PIC  S9(10)  COMP-3. 
        1-5 C 000030       07  内部十進符無    PIC   9(10)  COMP-3. 
        1-6 C 000040       07  外部十進        PIC  S9(10). 
        1-7 C 000040       07  外部十進符無    PIC   9(10). 
        1-8 C              07  ２進２バイト    PIC  S9(04)  COMP. 
        1-9 C              07  ２進４バイト    PIC  S9(08)  COMP. 
       1-10 C              07  ＣＯＭＰ無      PIC   9(08)  COMP. 
       1-11 C              07  ＣＯＭＰ五      PIC  S9(08)  COMP-5. 
       1-12 C              07  ポインタ        USAGE  POINTER. 
       1-13 C              07  バイナリ        PIC  S9(08)  BINARY.
       1-14 C 000060*
       1-15 C 000070     03  集団項目２        REDEFINES        コピー句０１  .
       1-16 C 000050       07  英数字項目      PIC  X(4). 
       1-17 C 000050       07  日本語項目      PIC  N(4). 
       1-18 C              07  カンマ編集      PIC  ZZZ,ZZZ,ZZ9.         *> 11B
       1-19 C              07  単精度          USAGE  COMP-1. 
       1-20 C              07  倍精度          USAGE  COMP-2. 
       1-21 C              07  繰返１          OCCURS 2 TIMES .
       1-22 C                09  繰返２        OCCURS 4 TIMES .
       1-23 C                  11  繰返３      OCCURS 6 TIMES .
       1-24 C                    13  配列        PIC  X(02).
       1-25 C 000090*
       1-26 C 000100 
          9   000070 PROCEDURE        DIVISION.      
         10   000080     CONTINUE                    



COBOL97 V61L10  COBMAP                                                             2022年11月26日(土) 14時43分17秒  0004


 　　行番号 　番地 　　変位(10)レベル 名標　          　　　　　　　 長さ(10) 　　　属性　　　　基点　　　変位　　次元数


          7 000000C0          0  01 _COPYMAP_                             131     GROUP-F    BGW.000001 000000C0        
        1-1 000000C0          0  03 コピー句０１                          128     ALPHANUM   BGW.000001 000000C0        
        1-3 000000C0          0  03 集団項目１                             54     GROUP-F    BGW.000001 000000C0        
        1-4 000000C0          0  07 内部十進                                6     INT-DEC    BGW.000001 000000C0        
        1-5 000000C6          6  07 内部十進符無                            6     INT-DEC    BGW.000001 000000C6        
        1-6 000000CC         12  07 外部十進                               10     EXT-DEC    BGW.000001 000000CC        
        1-7 000000D6         22  07 外部十進符無                           10     EXT-DEC    BGW.000001 000000D6        
        1-8 000000E0         32  07 ２進２バイト                            2     STD-BINARY BGW.000001 000000E0        
        1-9 000000E2         34  07 ２進４バイト                            4     STD-BINARY BGW.000001 000000E2        
       1-10 000000E6         38  07 ＣＯＭＰ無                              4     STD-BINARY BGW.000001 000000E6        
       1-11 000000EA         42  07 ＣＯＭＰ五                              4     BINARY     BGW.000001 000000EA        
       1-12 000000EE         46  07 ポインタ                                4     POINTER    BGW.000001 000000EE        
       1-13 000000F2         50  07 バイナリ                                4     STD-BINARY BGW.000001 000000F2        
       1-15 000000C0          0  03 集団項目２                            131     GROUP-F    BGW.000001 000000C0        
       1-16 000000C0          0  07 英数字項目                              4     ALPHANUM   BGW.000001 000000C0        
       1-17 000000C4          4  07 日本語項目                              8     NATIONAL   BGW.000001 000000C4        
       1-18 000000CC         12  07 カンマ編集                             11     NUM-EDIT   BGW.000001 000000CC        
       1-19 000000D7         23  07 単精度                                  4     FLOAT-S    BGW.000001 000000D7        
       1-20 000000DB         27  07 倍精度                                  8     FLOAT-L    BGW.000001 000000DB        
       1-21 000000E3         35  07 繰返１                                 48     GROUP-F    BGW.000001 000000E3       1
       1-22 000000E3         35  09 繰返２                                 12     GROUP-F    BGW.000001 000000E3       2
       1-23 000000E3         35  11 繰返３                                  2     GROUP-F    BGW.000001 000000E3       3
       1-24 000000E3         35  13 配列                                    2     ALPHANUM   BGW.000001 000000E3       3



COBOL97 V61L10  COBMAP                                                             2022年11月26日(土) 14時43分17秒  0005


　番地　 フィールド名　 ピース長　基点　　変位　　長さ(10)　　 番地　 フィールド名　 ピース長　基点　　変位　　長さ(10)


    ** GWA **                                                    ** COA **                                                
      * GCB *                                                      * CCB *                                                
00000000 GCB FIXED AREA          000001 00000000          8  00000000 CCB FIXED AREA          000002 00000000          4  
........ TL 1ST AREA             ...... ........          0                                                               
                                                                   * CMB *                                                
      * GMB *                                                00000004 CMB POINTERS AREA       000002 00000004         12  
........ GMB POINTERS AREA       ...... ........          0  ........   VNAS                4 ...... ........          0  
........   FMBE POINTER        4 ...... ........          0  00000004   VNAL                4 000002 00000004         12  
........   BEA                 4 ...... ........          0  ........   IPA                 4 ...... ........          0  
........   BVA                 4 ...... ........          0  ........   FARA                  ...... ........          0  
........   VPA                 4 ...... ........          0  ........   VNAM                  ...... ........          0  
........   PSA                 4 ...... ........          0  ........ LITERAL AREA            ...... ........          0  
00000008 LIA AREA                000001 00000008        120  ........ CONSTANT SECTION DATA   ...... ........          0  
00000080 IWA1 AREA               000001 00000080          4  00000010 CMB CONTROL BLOCKS AREA 000002 00000010        520  
........   ALTINX              4 ...... ........          0  ........   FMB2                  ...... ........          0  
........   USESAVE               ...... ........          0  ........   FMBI                  ...... ........          0  
........   PCT                 4 ...... ........          0  ........   SMB1                  ...... ........          0  
........   CONTENT               ...... ........          0  ........   SMB2                  ...... ........          0  
........   USEOSAVE              ...... ........          0  ........   EDT                   ...... ........          0  
........   LINAGE COUNTER      4 ...... ........          0  ........   EFT                 4 ...... ........          0  
00000080   OTHER AREA          4 000001 00000080          4  ........   FMB2 ADDR-PRM LIST  4 ...... ........          0  
00000084 LCB AREA                000001 00000084         60  ........   ERROR PROCEDURE    20 ...... ........          0  
........ GMB CONTROL BLOCKS AREA ...... ........          0  ........   ALPHABETIC NAME   256 ...... ........          0  
........   FMB1                  ...... ........          0  ........   CLASS NAME        256 ...... ........          0  
........   SMB0                  ...... ........          0  ........   CLASS TEST TABLE  256 ...... ........          0  
........   SPECIAL REGISTERS     ...... ........          0  ........   TRANS-TABLE PROTO 256 ...... ........          0  
........   S-A LIST            4 ...... ........          0  ........   CIPB                  ...... ........          0  
........   DPA                   ...... ........          0  ........   DOG TABLE             ...... ........          0  
........   SQL CONTROL AREA      ...... ........          0  ........   EXTERNAL DATA NAME    ...... ........          0  
........   DMA                   ...... ........          0  ........   NATIONAL-MSG F-NAM 52 ...... ........          0  
........   EXP LIST              ...... ........          0  ........   FLOW BLOCK INFO       ...... ........          0  
........ FAI AREA                ...... ........          0  ........   SQL CONTROL AREA      ...... ........          0  
                                                             ........   SPECIAL REGISTERS     ...... ........          0  
                                                             00000010   EPA CONTROL AREA      000002 00000010        504  
                                                             00000208   SIGN TABLE            000002 00000208         16  
                                                             ........   SCREEN CONTROL AREA   ...... ........          0  
........ IAI AREA                ...... ........          0  ........ FCM FMB1 OFFSET LIST    ...... ........          0  
                                                             ........ FCM OBJ-REF OFFSET LIST ...... ........          0  
                                                             ........ ICM FMB1 OFFSET LIST    ...... ........          0  
                                                             ........ ICM OBJ-REF OFFSET LIST ...... ........          0  
                                                             ........ MCM AREA                ...... ........          0  
........ CFOR                    ...... ........          0  ........ OBJ-REF OFFSET LIST     ...... ........          0  
........ ADDRESS INFO PACKET     ...... ........          0  ........ CFOR OFFSET LIST        ...... ........          0  
........ INVOKE PARAM INFO       ...... ........          0  ........ CLASS NAME INFO         ...... ........          0  
........ AS MODIFY INFO          ...... ........          0  ........ AS MODIFY/PARAM INFO    ...... ........          0  
                                                             ........ METHOD NAME INFO        ...... ........          0  
      * GWS *                                                                                                             
000000C0 DATA AREA               000001 000000C0        131                                                               
                                                                                                                          
    ** GW2 **                                                                                                             
      * GC2 *                                                                                                             
........ GCB2 FIXED AREA         ...... ........          0                                                               
                                                                                                                          
      * GM2 *                                                                                                             



COBOL97 V61L10  COBMAP                                                             2022年11月26日(土) 14時43分17秒  0006


　番地　 フィールド名　 ピース長　基点　　変位　　長さ(10)　　 番地　 フィールド名　 ピース長　基点　　変位　　長さ(10)


........ GMB2 POINTERS AREA      ...... ........          0                                                               
........   FMBE POINTER        4 ...... ........          0                                                               
........   BEA                 4 ...... ........          0                                                               
........   CONTROL AREA ADDR TBL ...... ........          0                                                               
........   BCC                   ...... ........          0                                                               
........ GMB2 CONTROL BLOCKS     ...... ........          0                                                               
........   DSA                   ...... ........          0                                                               
........ CFOR                    ...... ........          0                                                               
                                                                                                                          
                                                                                                                          
                                                                                                                          
                                                                                                                          
                                                                                                                          
                                                                                                                          
                                                                                                                          
                                                                                                                          



COBOL97 V61L10  COBMAP                                                             2022年11月26日(土) 14時43分17秒  0007


　番地　 フィールド名　 ピース長　基点　　変位　　長さ(10)　　 番地　 フィールド名　 ピース長　基点　　変位　　長さ(10)


    ** STK **                                                                                                             
      * SCB *                                                                                                             
FFFFFF58 SCB FIXED AREA          000001 FFFFFF58         92                                                               
........ TL 1ST AREA             ...... ........          0                                                               
                                                                                                                          
      * SGM *                                                                                                             
........ SGM POINTERS AREA       ...... ........          0                                                               
........   VPA                 4 ...... ........          0                                                               
........   PSA                 4 ...... ........          0                                                               
........   BVA                 4 ...... ........          0                                                               
........   BOD                   ...... ........          0                                                               
FFFFFFB4 IWA3 AREA               000001 FFFFFFB4          4                                                               
FFFFFFB4   PRMSAVE               000001 FFFFFFB4          4                                                               
........   PCT                 4 ...... ........          0                                                               
........   CONTENT               ...... ........          0                                                               
........   RTNAREA               ...... ........          0                                                               
........   USESAVE               ...... ........          0                                                               
........   USEOSAVE              ...... ........          0                                                               
........   LINAGE COUNTER      4 ...... ........          0                                                               
........   OTHER AREA          4 ...... ........          0                                                               
........ TRG AREA                ...... ........          0                                                               
........ TSG AREA                ...... ........          0                                                               
........ SOR AREA                ...... ........          0                                                               
FFFFFFB8 LIA AREA                000001 FFFFFFB8         48                                                               
........ LCB AREA                ...... ........          0                                                               
........ SGM CONTROL BLOCKS AREA ...... ........          0                                                               
........   FMB1                  ...... ........          0                                                               
........   SMB0                  ...... ........          0                                                               
........   DPA                   ...... ........          0                                                               
........   DMA                   ...... ........          0                                                               
........   MIA                   ...... ........          0                                                               
........   SQL CONTROL AREA      ...... ........          0                                                               
                                                                                                                          
      * SGW *                                                                                                             
........ DATA AREA               ...... ........          0                                                               
........ TL 2ND AREA             ...... ........          0                                                               
FFFFFFEC LIA ADDRESS           8 000001 FFFFFFEC         20                                                               
                                                                                                                          
                                                                                                                          
                                                                                                                          
                                                                                                                          
                                                                                                                          
                                                                                                                          
                                                                                                                          
                                                                                                                          
                                                                                                                          
                                                                                                                          
                                                                                                                          



COBOL97 V61L10  COBMAP                                                             2022年11月26日(土) 14時43分17秒  0008


＊＊　診断メッセージ　＊＊　(COBMAP)


JMN2232I-W  1-15(COPY01)  REDEFINES句で，再定義する項目が再定義される項目より大きくてはなりません．再定義する項目は，明
            に指定した項目を除き，他の項目と重なり合うことはありません．




COBOL97 V61L10  COBMAP                                                             2022年11月26日(土) 14時43分17秒  0009


＊＊　プログラム特性リスト　＊＊

　ファイル名 = .\soc\tmp.cob
　ソース名　 = COBMAP
　翻訳日付　 = 2022年11月26日(土) 14時43分17秒

　　原始プログラムのレコード数　　　　　　　　　=         36 レコード
　　目的プログラムの大きさ（ＣＯＤＥサイズ）　　=        945 バイト
　　目的プログラムの大きさ（ＤＡＴＡサイズ）　　=        324 バイト
　　制御レベル　　　　　　　　　　　　　　　　　=          1 レベル
　　翻訳に要した時間　　　　　　　　　　　　　　=       0.43 秒

　最大重大度コード = W
